// Jest Snapshot v1, https://goo.gl/fbAQLP

exports[`welcome page allows for starting 1`] = `
<div>
  <div
    class="jsx-1356833245 page"
  >
    <div
      class="jsx-1356833245 content"
    >
      <h1
        class="jsx-2971654016"
      >
        Welcome to the Trivia Challenge!
      </h1>
      <p
        class="jsx-2971654016"
      >
        You will be presented with 10 true or false questions.
      </p>
      <p
        class="jsx-2971654016"
      >
        Can you score 100%?
      </p>
    </div>
    <div
      class="jsx-1356833245 buttons"
    >
      <div
        class="jsx-1356833245 fade"
      />
      <button
        class="jsx-1356833245"
      >
        Begin
      </button>
    </div>
  </div>
</div>
`;
